2026-07-05 03:02:24,419 | INFO | LeadGen Pro Started
2026-07-05 03:02:24,426 | INFO | Scanning: https://en.wikipedia.org/wiki/Self-agency
2026-07-05 03:02:27,069 | INFO | Self-agency | Emails:0 | Phones:2
2026-07-05 03:02:27,069 | INFO | Scanning: https://seo.co/
2026-07-05 03:02:33,156 | INFO | SEO Company & SEO Agency | Emails:3 | Phones:3
2026-07-05 03:02:33,156 | INFO | Scanning: https://grokipedia.com/page/In-House_SEO_vs_SEO_Agency
2026-07-05 03:02:38,753 | INFO | Grokipedia | Emails:0 | Phones:0
2026-07-05 03:02:38,753 | INFO | Scanning: https://www.designrush.com/agency/search-engine-optimization
2026-07-05 03:02:47,920 | INFO | Top SEO Agencies in 2026 | Emails:6 | Phones:14
2026-07-05 03:02:47,920 | INFO | Scanning: https://www.rebootonline.com/
2026-07-05 03:02:50,639 | INFO | An Award-Winning Search Marketing Agency | Emails:2 | Phones:2
2026-07-05 03:02:50,640 | INFO | Scanning: https://fuelonline.com/
2026-07-05 03:02:55,459 | INFO | Fuel Online SEO Digital Marketing Agency | Emails:0 | Phones:4
2026-07-05 03:02:55,460 | INFO | Scanning: https://www.seoperthexperts.com.au/
2026-07-05 03:03:00,390 | INFO | SEO Perth Experts | Emails:1 | Phones:6
2026-07-05 03:03:00,390 | INFO | Scanning: https://www.webceo.com/seo-agency-software-all-tools.htm
2026-07-05 03:03:06,753 | INFO | SEO Tools For Agencies | Emails:5 | Phones:1
2026-07-05 03:03:06,753 | INFO | Scanning: https://www.toprankings.com.au/
2026-07-05 03:03:13,084 | INFO | SEO Agency Melbourne – No Contracts, No BS | Emails:1 | Phones:90
2026-07-05 03:03:13,084 | INFO | Scanning: https://comradeweb.com/services/seo/
2026-07-05 03:03:13,963 | INFO | Attention Required! | Emails:0 | Phones:0
2026-07-05 03:03:13,963 | INFO | Scanning: https://pearllemon.com/
2026-07-05 03:03:22,548 | INFO | Pearl Lemon | Emails:4 | Phones:8
2026-07-05 03:03:22,549 | INFO | Scanning: https://gulfamali.com/seo-agency-faisalabad/
2026-07-05 03:03:25,498 | INFO | Gulfam Ali | Emails:2 | Phones:4
2026-07-05 03:03:25,498 | INFO | Scanning: https://www.10seos.com/pk/best-seo-companies-in-faisalabad-pakistan
2026-07-05 03:03:33,780 | INFO | 10SEOS | Emails:1 | Phones:21
2026-07-05 03:03:33,781 | INFO | Scanning: https://www.businesslist.pk/category/seo/city:faisalabad
2026-07-05 03:03:37,556 | INFO | Pakistan Business Directory | Emails:0 | Phones:11
2026-07-05 03:03:37,556 | INFO | Scanning: https://www.sortlist.com/seo/faisalabad-pk
2026-07-05 03:03:41,472 | INFO | Sortlist | Emails:2 | Phones:12
2026-07-05 03:03:41,472 | INFO | Scanning: https://softhat.pk/services/seo/faisalabad/
2026-07-05 03:03:53,093 | INFO | Softhat IT Solutions (Private) Limited | Emails:1 | Phones:3
2026-07-05 03:03:53,094 | INFO | Scanning: https://www.mubashirhassan.com/locations/pakistan/faisalabad-seo-services/
2026-07-05 03:03:56,976 | INFO | Best SEO Services in Faisalabad, Pakistan | Emails:2 | Phones:5
2026-07-05 03:03:56,976 | INFO | Scanning: https://clickmasters.pk/digital-marketing/search-engine-optimization/seo-services-in-faisalabad/
2026-07-05 03:04:11,137 | INFO | Clickmasters Digital Marketing Agency | Emails:3 | Phones:5
2026-07-05 03:04:11,138 | INFO | Scanning: https://clutch.co/us/seo-firms
2026-07-05 03:04:14,154 | INFO | Clutch.co | Emails:0 | Phones:49
2026-07-05 03:04:14,154 | INFO | Scanning: https://www.linkedin.com/company/bestseoagency
2026-07-05 03:04:20,884 | INFO | SEO Agency | Emails:0 | Phones:7
2026-07-05 03:04:21,229 | INFO | Scan Finished
