2026-07-06 01:53:31,423 | INFO | Saved: Sightglass Coffee
2026-07-06 01:53:36,783 | INFO | Saved: Santa Cruz Coffee Roasting Co.
2026-07-06 01:53:46,333 | INFO | Saved: Bird Rock Coffee Roasters
2026-07-06 01:54:02,893 | INFO | Saved: Ritual Coffee Roasters
2026-07-06 01:54:07,514 | INFO | Saved: Theory Coffee Roasters
2026-07-06 01:54:15,193 | INFO | Saved: Best Roasters in California Rank 1
2026-07-06 01:54:32,074 | INFO | Saved: Graffeo
2026-07-06 01:54:38,766 | INFO | Saved: California Roasting Collective – We help facilitate your growth in the world of coffee
2026-07-06 01:54:48,662 | INFO | Saved: Equator Coffees
2026-07-06 01:54:52,928 | INFO | Saved: Flywheel Coffee Roasters
2026-07-06 01:54:57,513 | INFO | Saved: Hydrangea Coffee Roasters
2026-07-06 01:55:05,620 | INFO | Saved: DUNE COFFEE ROASTERS
2026-07-06 01:55:19,783 | INFO | Saved: Angels' Cup
2026-07-06 01:55:27,108 | INFO | Saved: Coffee Review
2026-07-06 01:55:34,650 | INFO | Saved: Verve Coffee Roasters
2026-07-06 01:55:42,713 | INFO | Saved: Intelligentsia Coffee
2026-07-06 01:55:47,131 | INFO | Saved: Stumptown Coffee
2026-07-06 01:55:48,025 | ERROR | Page.content: Unable to retrieve content because the page is navigating and changing the content.
2026-07-06 01:55:50,616 | INFO | Saved: Good coffee roasters in California Bay Area / Northern California?
2026-07-06 01:55:55,108 | INFO | Saved: Steady State Roasting
